// Jest Snapshot v1, https://goo.gl/fbAQLP

exports[`SimpleInput should match snapshot 1`] = `
<body>
  <div>
    <span
      class="field semi"
    >
      <span
        class="control"
      >
        <div
          class="MuiFormControl-root MuiTextField-root undefined css-1u3bzj6-MuiFormControl-root-MuiTextField-root"
        >
          <label
            class="MuiFormLabel-root MuiInputLabel-root MuiInputLabel-formControl MuiInputLabel-animated MuiInputLabel-shrink MuiInputLabel-standard MuiFormLabel-colorPrimary MuiFormLabel-filled css-1c2i806-MuiFormLabel-root-MuiInputLabel-root"
            data-shrink="true"
            for=":r1:"
            id=":r1:-label"
          >
            Name
          </label>
          <div
            class="MuiInputBase-root MuiInput-root MuiInput-underline MuiInputBase-colorPrimary MuiInputBase-formControl css-1ptx2yq-MuiInputBase-root-MuiInput-root"
          >
            <input
              aria-invalid="false"
              class="MuiInputBase-input MuiInput-input css-1x51dt5-MuiInputBase-input-MuiInput-input"
              id=":r1:"
              style="text-align: left;"
              type="text"
              value="value"
            />
          </div>
        </div>
      </span>
    </span>
  </div>
</body>
`;
